src/lib/rate-limit.ts(8,32): error TS2802: Type 'MapIterator<[string, { count: number; resetTime: number; }]>' can only be iterated through when using the '--downlevelIteration' flag or with a '--target' of 'es2015' or higher.
